Release 13.4 - xst O.87xd (lin64)
Copyright (c) 1995-2011 Xilinx, Inc.  All rights reserved.
--> 
Parameter TMPDIR set to xst/projnav.tmp


Total REAL time to Xst completion: 0.00 secs
Total CPU time to Xst completion: 0.08 secs
 
--> 
Parameter xsthdpdir set to xst


Total REAL time to Xst completion: 0.00 secs
Total CPU time to Xst completion: 0.08 secs
 
--> 
Reading design: Processor.prj

TABLE OF CONTENTS
  1) Synthesis Options Summary
  2) HDL Parsing
  3) HDL Elaboration
  4) HDL Synthesis
       4.1) HDL Synthesis Report
  5) Advanced HDL Synthesis
       5.1) Advanced HDL Synthesis Report
  6) Low Level Synthesis
  7) Partition Report
  8) Design Summary
       8.1) Primitive and Black Box Usage
       8.2) Device utilization summary
       8.3) Partition Resource Summary
       8.4) Timing Report
            8.4.1) Clock Information
            8.4.2) Asynchronous Control Signals Information
            8.4.3) Timing Summary
            8.4.4) Timing Details
            8.4.5) Cross Clock Domains Report


=========================================================================
*                      Synthesis Options Summary                        *
=========================================================================
---- Source Parameters
Input File Name                    : "Processor.prj"
Ignore Synthesis Constraint File   : NO

---- Target Parameters
Output File Name                   : "Processor"
Output Format                      : NGC
Target Device                      : xc7a8-3-csg324

---- Source Options
Top Module Name                    : Processor
Automatic FSM Extraction           : YES
FSM Encoding Algorithm             : Auto
Safe Implementation                : No
FSM Style                          : LUT
RAM Extraction                     : Yes
RAM Style                          : Auto
ROM Extraction                     : Yes
Shift Register Extraction          : YES
ROM Style                          : Auto
Resource Sharing                   : YES
Asynchronous To Synchronous        : NO
Shift Register Minimum Size        : 2
Use DSP Block                      : Auto
Automatic Register Balancing       : No

---- Target Options
LUT Combining                      : Auto
Reduce Control Sets                : Auto
Add IO Buffers                     : YES
Global Maximum Fanout              : 100000
Add Generic Clock Buffer(BUFG)     : 32
Register Duplication               : YES
Optimize Instantiated Primitives   : NO
Use Clock Enable                   : Auto
Use Synchronous Set                : Auto
Use Synchronous Reset              : Auto
Pack IO Registers into IOBs        : Auto
Equivalent register Removal        : YES

---- General Options
Optimization Goal                  : Speed
Optimization Effort                : 1
Power Reduction                    : NO
Keep Hierarchy                     : No
Netlist Hierarchy                  : As_Optimized
RTL Output                         : Yes
Global Optimization                : AllClockNets
Read Cores                         : YES
Write Timing Constraints           : NO
Cross Clock Analysis               : NO
Hierarchy Separator                : /
Bus Delimiter                      : <>
Case Specifier                     : Maintain
Slice Utilization Ratio            : 100
BRAM Utilization Ratio             : 100
DSP48 Utilization Ratio            : 100
Auto BRAM Packing                  : NO
Slice Utilization Ratio Delta      : 5

=========================================================================

INFO:Xst - Part-select index evaluated to out of bound value may lead to incorrect synthesis results; it is recommended not to use them in RTL

=========================================================================
*                          HDL Parsing                                  *
=========================================================================
Parsing VHDL file "/home/feuillet/Bureau/4A/S2/Projet info/projet_systeme_info/ual.vhd" into library work
Parsing entity <ual>.
Parsing architecture <Behavioral> of entity <ual>.
Parsing VHDL file "/home/feuillet/Bureau/4A/S2/Projet info/projet_systeme_info/pipeline.vhd" into library work
Parsing entity <Pipeline>.
Parsing architecture <Behavioral> of entity <pipeline>.
Parsing VHDL file "/home/feuillet/Bureau/4A/S2/Projet info/projet_systeme_info/processor.vhd" into library work
Parsing entity <Processor>.
Parsing architecture <Behavioral> of entity <processor>.
ERROR:HDLCompiler:69 - "/home/feuillet/Bureau/4A/S2/Projet info/projet_systeme_info/processor.vhd" Line 63: <ck> is not declared.
ERROR:HDLCompiler:69 - "/home/feuillet/Bureau/4A/S2/Projet info/projet_systeme_info/processor.vhd" Line 65: <ck> is not declared.
ERROR:HDLCompiler:69 - "/home/feuillet/Bureau/4A/S2/Projet info/projet_systeme_info/processor.vhd" Line 69: <ck> is not declared.
ERROR:HDLCompiler:1728 - "/home/feuillet/Bureau/4A/S2/Projet info/projet_systeme_info/processor.vhd" Line 71: Type error near op4 ; current type std_logic_vector; expected type std_logic
ERROR:HDLCompiler:854 - "/home/feuillet/Bureau/4A/S2/Projet info/projet_systeme_info/processor.vhd" Line 36: Unit <behavioral> ignored due to previous errors.
VHDL file /home/feuillet/Bureau/4A/S2/Projet info/projet_systeme_info/processor.vhd ignored due to errors
--> 


Total memory usage is 345296 kilobytes

Number of errors   :    5 (   0 filtered)
Number of warnings :    0 (   0 filtered)
Number of infos    :    1 (   0 filtered)

